// Vitest Snapshot v1

exports[`Feed correctly 1`] = `
"<?xml version=\\"1.0\\" encoding=\\"utf-8\\" ?>
<feed xmlns=\\"http://www.w3.org/2005/Atom\\" xml:lang=\\"ja\\">
<title>test</title>
<id>tag:blog.kubosho.com,2014:feed</id>
<author>
  <name>kubosho</name>
</author>
<updated>undefined</updated>
<link rel=\\"alternate\\" href=\\"https://blog.kubosho.com\\"/>
<link rel=\\"self\\" type=\\"application/atom+xml\\" href=\\"https://blog.kubosho.com/feed\\"/>
<entry>
<title>記事の内容が思いつかない症候群</title>
<link href=\\"https://blog.kubosho.com/entries/content-of-article-can-not-think-of-anything-syndrome\\" rel=\\"alternate\\"/>
<id>tag:blog.kubosho.com,2020-05-25:entry://content-of-article-can-not-think-of-anything-syndrome</id>
<content type=\\"html\\">&lt;p&gt;2019 年は丸 1 年ブログの記事を書かず、2018 年も長い記事を書いていなかった。&lt;/p&gt;</content>
<summary>2019 年は丸 1 年ブログの記事を書かず、2018 年も長い記事を書いていなかった。
</summary>
<published>2020-05-25T00:00:00.000Z</published>
<updated>2020-05-25T00:00:00.000Z</updated>
</entry>
</feed>"
`;
