// Jest Snapshot v1, https://goo.gl/fbAQLP

exports[`SiteFooter 1`] = `
<footer
  className="sc-bdVaJa gKndES"
>
  <a
    href="/privacy"
    onClick={[Function]}
    onMouseEnter={[Function]}
  >
    プライバシーポリシー
  </a>
  <p
    className="sc-bwzfXH cWrnAP"
  >
    <small>
      © 2014 - 2020 kubosho
    </small>
  </p>
</footer>
`;
