// Jest Snapshot v1, https://goo.gl/fbAQLP

exports[`SiteFooter 1`] = `
<footer
  className="sc-bdVaJa dkHhTy"
>
  <img
    alt="このブログを作った人のアイコン"
    className="sc-bwzfXH cDQJz"
    height="60"
    src="/static/images/icon.png"
    width="60"
  />
  <p
    className="sc-htpNat bhpHJD"
  >
    kuboshoの個人ブログです。ソフトウェア開発や、ゲームやダーツなどについて書きます。
    <br />
    このWebサイトではGoogle Analyticsを使っています。
    <a
      href="/privacy"
      onClick={[Function]}
      onMouseEnter={[Function]}
    >
      プライバシーポリシーはこのリンクから見られます
    </a>
    。
  </p>
</footer>
`;
